[INFO] Scanning for projects...
[INFO] 
[INFO] ---------------------< com.skillscope:skillscope >----------------------
[INFO] Building SkillScope 0.0.1-SNAPSHOT
[INFO]   from pom.xml
[INFO] --------------------------------[ jar ]---------------------------------
[INFO] 
[INFO] --- resources:3.3.1:resources (default-resources) @ skillscope ---
[INFO] Copying 1 resource from src\main\resources to target\classes
[INFO] Copying 0 resource from src\main\resources to target\classes
[INFO] 
[INFO] --- compiler:3.11.0:compile (default-compile) @ skillscope ---
[INFO] Changes detected - recompiling the module! :source
[INFO] Compiling 54 source files with javac [debug release 17] to target\classes
[INFO] Annotation processing is enabled because one or more processors were found
  on the class path. A future release of javac may disable annotation processing
  unless at least one processor is specified by name (-processor), or a search
  path is specified (--processor-path, --processor-module-path), or annotation
  processing is enabled explicitly (-proc:only, -proc:full).
  Use -Xlint:-options to suppress this message.
  Use -proc:none to disable annotation processing.
[INFO] /C:/Users/T-rex/Desktop/Reculla/SkillScope/backend/src/main/java/com/skillscope/service/RoadmapServiceImpl.java: Some input files use unchecked or unsafe operations.
[INFO] /C:/Users/T-rex/Desktop/Reculla/SkillScope/backend/src/main/java/com/skillscope/service/RoadmapServiceImpl.java: Recompile with -Xlint:unchecked for details.
[INFO] -------------------------------------------------------------
[WARNING] COMPILATION WARNING : 
[INFO] -------------------------------------------------------------
[WARNING] /C:/Users/T-rex/Desktop/Reculla/SkillScope/backend/src/main/java/com/skillscope/dto/AuthResponse.java:[14,20] @Builder will ignore the initializing expression entirely. If you want the initializing expression to serve as default, add @Builder.Default. If it is not supposed to be settable during building, make the field final.
[INFO] 1 warning
[INFO] -------------------------------------------------------------
[INFO] -------------------------------------------------------------
[ERROR] COMPILATION ERROR : 
[INFO] -------------------------------------------------------------
[ERROR] /C:/Users/T-rex/Desktop/Reculla/SkillScope/backend/src/main/java/com/skillscope/service/AssessmentServiceImpl.java:[55,64] cannot find symbol
  symbol:   variable questions
  location: class com.skillscope.service.AssessmentServiceImpl
[ERROR] /C:/Users/T-rex/Desktop/Reculla/SkillScope/backend/src/main/java/com/skillscope/service/AssessmentServiceImpl.java:[56,68] cannot find symbol
  symbol:   variable coding
  location: class com.skillscope.service.AssessmentServiceImpl
[INFO] 2 errors 
[INFO] -------------------------------------------------------------
[INFO] ------------------------------------------------------------------------
[INFO] BUILD FAILURE
[INFO] ------------------------------------------------------------------------
[INFO] Total time:  10.495 s
[INFO] Finished at: 2026-03-26T12:03:29+05:30
[INFO] ------------------------------------------------------------------------
[ERROR] Failed to execute goal org.apache.maven.plugins:maven-compiler-plugin:3.11.0:compile (default-compile) on project skillscope: Compilation failure: Compilation failure: 
[ERROR] /C:/Users/T-rex/Desktop/Reculla/SkillScope/backend/src/main/java/com/skillscope/service/AssessmentServiceImpl.java:[55,64] cannot find symbol
[ERROR]   symbol:   variable questions
[ERROR]   location: class com.skillscope.service.AssessmentServiceImpl
[ERROR] /C:/Users/T-rex/Desktop/Reculla/SkillScope/backend/src/main/java/com/skillscope/service/AssessmentServiceImpl.java:[56,68] cannot find symbol
[ERROR]   symbol:   variable coding
[ERROR]   location: class com.skillscope.service.AssessmentServiceImpl
[ERROR] -> [Help 1]
[ERROR] 
[ERROR] To see the full stack trace of the errors, re-run Maven with the -e switch.
[ERROR] Re-run Maven using the -X switch to enable full debug logging.
[ERROR] 
[ERROR] For more information about the errors and possible solutions, please read the following articles:
[ERROR] [Help 1] http://cwiki.apache.org/confluence/display/MAVEN/MojoFailureException
